2025-04-17T23:44:37.190+05:30  INFO 26197 --- [demo-spring-boot-application] [main] c.i.spring_boot_application.Application  : Starting Application using Java 21.0.2 with PID 26197 (/Users/ishanrai/Documents/dev/abhishek-verma/spring-basics/target/classes started by ishanrai in /Users/ishanrai/Documents/dev/abhishek-verma/spring-basics)
2025-04-17T23:44:37.209+05:30  INFO 26197 --- [demo-spring-boot-application] [main] c.i.spring_boot_application.Application  : No active profile set, falling back to 1 default profile: "default"
2025-04-17T23:44:38.644+05:30  INFO 26197 --- [demo-spring-boot-application] [main] c.i.spring_boot_application.Application  : Started Application in 3.968 seconds (process running for 4.713)
2025-04-17T23:44:38.650+05:30  INFO 26197 --- [demo-spring-boot-application] [main] c.i.spring_boot_application.Application  : found owner with id 2
2025-04-17T23:44:38.651+05:30 ERROR 26197 --- [demo-spring-boot-application] [main] c.i.spring_boot_application.Application  : Owner not found with id 1
2025-04-17T23:45:11.101+05:30  INFO 26217 --- [demo-spring-boot-application] [main] c.i.spring_boot_application.Application  : Starting Application using Java 21.0.2 with PID 26217 (/Users/ishanrai/Documents/dev/abhishek-verma/spring-basics/target/classes started by ishanrai in /Users/ishanrai/Documents/dev/abhishek-verma/spring-basics)
2025-04-17T23:45:11.110+05:30  INFO 26217 --- [demo-spring-boot-application] [main] c.i.spring_boot_application.Application  : No active profile set, falling back to 1 default profile: "default"
2025-04-17T23:45:12.225+05:30  INFO 26217 --- [demo-spring-boot-application] [main] c.i.spring_boot_application.Application  : Started Application in 2.855 seconds (process running for 3.891)
2025-04-17T23:45:12.234+05:30  INFO 26217 --- [demo-spring-boot-application] [main] c.i.spring_boot_application.Application  : found owner with id 2
2025-04-17T23:45:12.235+05:30 ERROR 26217 --- [demo-spring-boot-application] [main] c.i.spring_boot_application.Application  : Owner not found with id 1

com.ishan.spring_boot_application.exception.OwnerNotFoundException: Owner not found with id 1
	at com.ishan.spring_boot_application.repository.OwnerRepositoryImpl.findOwner(OwnerRepositoryImpl.java:18) ~[classes/:na]
	at com.ishan.spring_boot_application.service.OwnerServiceImpl.findOwner(OwnerServiceImpl.java:20) ~[classes/:na]
	at com.ishan.spring_boot_application.Application.run(Application.java:40) ~[classes/:na]
	at org.springframework.boot.SpringApplication.lambda$callRunner$5(SpringApplication.java:788) ~[spring-boot-3.4.4.jar:3.4.4]
	at org.springframework.util.function.ThrowingConsumer$1.acceptWithException(ThrowingConsumer.java:82) ~[spring-core-6.2.5.jar:6.2.5]
	at org.springframework.util.function.ThrowingConsumer.accept(ThrowingConsumer.java:60) ~[spring-core-6.2.5.jar:6.2.5]
	at org.springframework.util.function.ThrowingConsumer$1.accept(ThrowingConsumer.java:86) ~[spring-core-6.2.5.jar:6.2.5]
	at org.springframework.boot.SpringApplication.callRunner(SpringApplication.java:796) ~[spring-boot-3.4.4.jar:3.4.4]
	at org.springframework.boot.SpringApplication.callRunner(SpringApplication.java:787) ~[spring-boot-3.4.4.jar:3.4.4]
	at org.springframework.boot.SpringApplication.lambda$callRunners$3(SpringApplication.java:772) ~[spring-boot-3.4.4.jar:3.4.4]
	at java.base/java.util.stream.ForEachOps$ForEachOp$OfRef.accept(ForEachOps.java:184) ~[na:na]
	at java.base/java.util.stream.SortedOps$SizedRefSortingSink.end(SortedOps.java:357) ~[na:na]
	at java.base/java.util.stream.AbstractPipeline.copyInto(AbstractPipeline.java:510) ~[na:na]
	at java.base/java.util.stream.AbstractPipeline.wrapAndCopyInto(AbstractPipeline.java:499) ~[na:na]
	at java.base/java.util.stream.ForEachOps$ForEachOp.evaluateSequential(ForEachOps.java:151) ~[na:na]
	at java.base/java.util.stream.ForEachOps$ForEachOp$OfRef.evaluateSequential(ForEachOps.java:174) ~[na:na]
	at java.base/java.util.stream.AbstractPipeline.evaluate(AbstractPipeline.java:234) ~[na:na]
	at java.base/java.util.stream.ReferencePipeline.forEach(ReferencePipeline.java:596) ~[na:na]
	at org.springframework.boot.SpringApplication.callRunners(SpringApplication.java:772) ~[spring-boot-3.4.4.jar:3.4.4]
	at org.springframework.boot.SpringApplication.run(SpringApplication.java:325) ~[spring-boot-3.4.4.jar:3.4.4]
	at org.springframework.boot.SpringApplication.run(SpringApplication.java:1361) ~[spring-boot-3.4.4.jar:3.4.4]
	at org.springframework.boot.SpringApplication.run(SpringApplication.java:1350) ~[spring-boot-3.4.4.jar:3.4.4]
	at com.ishan.spring_boot_application.Application.main(Application.java:28) ~[classes/:na]

2025-04-17T23:45:18.537+05:30  INFO 26223 --- [demo-spring-boot-application] [main] c.i.spring_boot_application.Application  : Starting Application using Java 21.0.2 with PID 26223 (/Users/ishanrai/Documents/dev/abhishek-verma/spring-basics/target/classes started by ishanrai in /Users/ishanrai/Documents/dev/abhishek-verma/spring-basics)
2025-04-17T23:45:18.544+05:30  INFO 26223 --- [demo-spring-boot-application] [main] c.i.spring_boot_application.Application  : No active profile set, falling back to 1 default profile: "default"
