2025-04-17T23:43:48.733+05:30  INFO 26161 --- [demo-spring-boot-application] [main] c.i.spring_boot_application.Application  : Starting Application using Java 21.0.2 with PID 26161 (/Users/ishanrai/Documents/dev/abhishek-verma/spring-basics/target/classes started by ishanrai in /Users/ishanrai/Documents/dev/abhishek-verma/spring-basics)
2025-04-17T23:43:48.736+05:30  INFO 26161 --- [demo-spring-boot-application] [main] c.i.spring_boot_application.Application  : No active profile set, falling back to 1 default profile: "default"
2025-04-17T23:43:49.465+05:30  INFO 26161 --- [demo-spring-boot-application] [main] c.i.spring_boot_application.Application  : Started Application in 1.264 seconds (process running for 1.558)
2025-04-17T23:43:49.469+05:30  INFO 26161 --- [demo-spring-boot-application] [main] c.i.spring_boot_application.Application  : found owner with id 2
2025-04-17T23:43:49.469+05:30 ERROR 26161 --- [demo-spring-boot-application] [main] c.i.spring_boot_application.Application  : Owner not found with id 1
2025-04-17T23:43:57.647+05:30  INFO 26170 --- [demo-spring-boot-application] [main] c.i.spring_boot_application.Application  : Starting Application using Java 21.0.2 with PID 26170 (/Users/ishanrai/Documents/dev/abhishek-verma/spring-basics/target/classes started by ishanrai in /Users/ishanrai/Documents/dev/abhishek-verma/spring-basics)
2025-04-17T23:43:57.652+05:30  INFO 26170 --- [demo-spring-boot-application] [main] c.i.spring_boot_application.Application  : No active profile set, falling back to 1 default profile: "default"
2025-04-17T23:43:59.037+05:30  INFO 26170 --- [demo-spring-boot-application] [main] c.i.spring_boot_application.Application  : Started Application in 3.25 seconds (process running for 4.679)
2025-04-17T23:43:59.046+05:30  INFO 26170 --- [demo-spring-boot-application] [main] c.i.spring_boot_application.Application  : found owner with id 2
2025-04-17T23:43:59.047+05:30 ERROR 26170 --- [demo-spring-boot-application] [main] c.i.spring_boot_application.Application  : Owner not found with id 1
2025-04-17T23:44:04.899+05:30  INFO 26178 --- [demo-spring-boot-application] [main] c.i.spring_boot_application.Application  : Starting Application using Java 21.0.2 with PID 26178 (/Users/ishanrai/Documents/dev/abhishek-verma/spring-basics/target/classes started by ishanrai in /Users/ishanrai/Documents/dev/abhishek-verma/spring-basics)
2025-04-17T23:44:04.908+05:30  INFO 26178 --- [demo-spring-boot-application] [main] c.i.spring_boot_application.Application  : No active profile set, falling back to 1 default profile: "default"
2025-04-17T23:44:06.859+05:30  INFO 26178 --- [demo-spring-boot-application] [main] c.i.spring_boot_application.Application  : Started Application in 3.857 seconds (process running for 4.835)
2025-04-17T23:44:06.867+05:30  INFO 26178 --- [demo-spring-boot-application] [main] c.i.spring_boot_application.Application  : found owner with id 2
2025-04-17T23:44:06.868+05:30 ERROR 26178 --- [demo-spring-boot-application] [main] c.i.spring_boot_application.Application  : Owner not found with id 1
2025-04-17T23:44:12.981+05:30  INFO 26184 --- [demo-spring-boot-application] [main] c.i.spring_boot_application.Application  : Starting Application using Java 21.0.2 with PID 26184 (/Users/ishanrai/Documents/dev/abhishek-verma/spring-basics/target/classes started by ishanrai in /Users/ishanrai/Documents/dev/abhishek-verma/spring-basics)
2025-04-17T23:44:12.987+05:30  INFO 26184 --- [demo-spring-boot-application] [main] c.i.spring_boot_application.Application  : No active profile set, falling back to 1 default profile: "default"
2025-04-17T23:44:14.349+05:30  INFO 26184 --- [demo-spring-boot-application] [main] c.i.spring_boot_application.Application  : Started Application in 3.032 seconds (process running for 4.043)
2025-04-17T23:44:14.357+05:30  INFO 26184 --- [demo-spring-boot-application] [main] c.i.spring_boot_application.Application  : found owner with id 2
2025-04-17T23:44:14.358+05:30 ERROR 26184 --- [demo-spring-boot-application] [main] c.i.spring_boot_application.Application  : Owner not found with id 1
2025-04-17T23:44:20.757+05:30  INFO 26190 --- [demo-spring-boot-application] [main] c.i.spring_boot_application.Application  : Starting Application using Java 21.0.2 with PID 26190 (/Users/ishanrai/Documents/dev/abhishek-verma/spring-basics/target/classes started by ishanrai in /Users/ishanrai/Documents/dev/abhishek-verma/spring-basics)
2025-04-17T23:44:20.761+05:30  INFO 26190 --- [demo-spring-boot-application] [main] c.i.spring_boot_application.Application  : No active profile set, falling back to 1 default profile: "default"
2025-04-17T23:44:22.220+05:30  INFO 26190 --- [demo-spring-boot-application] [main] c.i.spring_boot_application.Application  : Started Application in 3.048 seconds (process running for 3.328)
2025-04-17T23:44:22.227+05:30  INFO 26190 --- [demo-spring-boot-application] [main] c.i.spring_boot_application.Application  : found owner with id 2
2025-04-17T23:44:22.228+05:30 ERROR 26190 --- [demo-spring-boot-application] [main] c.i.spring_boot_application.Application  : Owner not found with id 1
